// Jest Snapshot v1, https://goo.gl/fbAQLP

exports[`snapshot test 1`] = `
<div
  class=" flex flex-col gap-y-4"
  data-testid="recentTransactions-testid"
>
  <p
    class="text-3xl text-blue font-medium text-center"
    data-testid="itemHeading-testid"
  >
    Recent Transactions
  </p>
  <div
    class="h-60 overflow-y-scroll"
  >
    <div
      class="grid grid-cols-3 text-lg border-b-2 border-light-gray"
    >
      <p
        class="border-r-2 border-lighter-gray text-center"
      >
        Value
      </p>
      <p
        class="border-r-2 border-lighter-gray text-center"
      >
        Tag
      </p>
      <p
        class="text-center"
      >
        Date
      </p>
    </div>
    <div
      class=" grid grid-cols-3 rounded-lg"
      data-testid="recentTransactionsItem-testid"
    >
      <p
        class="flex items-center p-2 border-r-2 border-lighter-gray"
      >
        100
      </p>
      <p
        class="flex items-center capitalize p-2 border-r-2 border-lighter-gray"
      >
        test tag
      </p>
      <p
        class="flex items-center p-2"
      >
        16 Jan 2025
      </p>
    </div>
  </div>
</div>
`;
