// Jest Snapshot v1, https://goo.gl/fbAQLP

exports[`snapshot test 1`] = `
<div
  class="flex flex-col gap-y-4 h-full"
  data-testid="totalBalance-testid"
>
  <p
    class="text-3xl text-blue font-medium text-center"
    data-testid="itemHeading-testid"
  >
    Overall balance
  </p>
  <div
    class="flex h-full items-center justify-center"
  >
    <p
      class="text-green  text-6xl"
    >
      Â£ 
      100
    </p>
  </div>
</div>
`;
